// Jest Snapshot v1, https://goo.gl/fbAQLP

exports[`App2 debe hacer match con el snapshot 1`] = `
<div>
  <h1
    data-testid="test-title"
  >
    titulo
  </h1>
  <p>
    holi
  </p>
  <p>
    hola yoda
  </p>
</div>
`;
